// Jest Snapshot v1, https://goo.gl/fbAQLP

exports[`Video player correctly renders 1`] = `
<div
  className="children-component"
/>
`;
